// Jest Snapshot v1, https://goo.gl/fbAQLP

exports[`<Home /> renders correctly 1`] = `
<div
  class="NotIdealState-wrapper-1"
>
  <svg
    aria-hidden="true"
    class="MuiSvgIcon-root-5 NotIdealState-icon-2"
    focusable="false"
    viewBox="0 0 24 24"
  >
    <path
      d="M15.5 14h-.79l-.28-.27C15.41 12.59 16 11.11 16 9.5 16 5.91 13.09 3 9.5 3S3 5.91 3 9.5 5.91 16 9.5 16c1.61 0 3.09-.59 4.23-1.57l.27.28v.79l5 4.99L20.49 19l-4.99-5zm-6 0C7.01 14 5 11.99 5 9.5S7.01 5 9.5 5 14 7.01 14 9.5 11.99 14 9.5 14z"
    >
      
    </path>
  </svg>
  <h1
    class="MuiTypography-root-6 MuiTypography-display1-10 NotIdealState-headline-3"
  >
    Search tweets!
  </h1>
  <h3
    class="MuiTypography-root-6 MuiTypography-subheading-13 NotIdealState-subheading-4"
  >
    Use the upper Search bar
  </h3>
</div>
`;
