// Jest Snapshot v1, https://goo.gl/fbAQLP

exports[`<Tweet /> renders Tweet correctly 1`] = `
<div
  class="MuiPaper-root-8 MuiPaper-shadow2-12 MuiPaper-rounded-9 Tweet-card-1 "
>
  <div
    class="MuiCardContent-root-40 MuiCardHeader-root-35"
  >
    <div
      class="MuiCardHeader-avatar-36"
    >
      <div
        class="MuiAvatar-root-41 MuiAvatar-colorDefault-42 Tweet-avatar-4"
      >
        t
      </div>
    </div>
    <div
      class="MuiCardHeader-content-37"
    >
      <span
        class="MuiTypography-root-44 MuiTypography-body2-52 MuiCardHeader-title-38"
      >
        Test @test
      </span>
      <span
        class="MuiTypography-root-44 MuiTypography-body2-52 MuiTypography-colorSecondary-65 MuiCardHeader-subheader-39"
      >
        September 3, 2017
      </span>
    </div>
  </div>
  <div
    class="MuiCardContent-root-40"
  >
    <p
      class="MuiTypography-root-44 MuiTypography-body1-53"
    >
      test
    </p>
  </div>
  <div
    class="MuiCardActions-root-68"
  >
    <button
      class="MuiButtonBase-root-79 MuiIconButton-root-70 Tweet-actionButton-6"
      role="button"
      tabindex="0"
      type="button"
    >
      <span
        class="MuiIconButton-label-76"
      >
        <svg
          aria-hidden="true"
          class="MuiSvgIcon-root-81 MuiIconButton-icon-77"
          focusable="false"
          viewBox="0 0 24 24"
        >
          <path
            d="M12 21.35l-1.45-1.32C5.4 15.36 2 12.28 2 8.5 2 5.42 4.42 3 7.5 3c1.74 0 3.41.81 4.5 2.09C13.09 3.81 14.76 3 16.5 3 19.58 3 22 5.42 22 8.5c0 3.78-3.4 6.86-8.55 11.54L12 21.35z"
          >
            
          </path>
        </svg>
        <span
          class="MuiTypography-root-44 MuiTypography-caption-54"
        >
          0
        </span>
      </span>
      <span
        class="MuiTouchRipple-root-82"
      >
        
      </span>
    </button>
    <button
      class="MuiButtonBase-root-79 MuiIconButton-root-70 Tweet-actionButton-6"
      role="button"
      tabindex="0"
      type="button"
    >
      <span
        class="MuiIconButton-label-76"
      >
        <svg
          aria-hidden="true"
          class="MuiSvgIcon-root-81 MuiIconButton-icon-77"
          focusable="false"
          viewBox="0 0 24 24"
        >
          <path
            d="M18 16.08c-.76 0-1.44.3-1.96.77L8.91 12.7c.05-.23.09-.46.09-.7s-.04-.47-.09-.7l7.05-4.11c.54.5 1.25.81 2.04.81 1.66 0 3-1.34 3-3s-1.34-3-3-3-3 1.34-3 3c0 .24.04.47.09.7L8.04 9.81C7.5 9.31 6.79 9 6 9c-1.66 0-3 1.34-3 3s1.34 3 3 3c.79 0 1.5-.31 2.04-.81l7.12 4.16c-.05.21-.08.43-.08.65 0 1.61 1.31 2.92 2.92 2.92 1.61 0 2.92-1.31 2.92-2.92s-1.31-2.92-2.92-2.92z"
          >
            
          </path>
        </svg>
        <span
          class="MuiTypography-root-44 MuiTypography-caption-54"
        >
          0
        </span>
      </span>
      <span
        class="MuiTouchRipple-root-82"
      >
        
      </span>
    </button>
    <div
      class="Tweet-flexGrow-5"
    >
      
    </div>
    <button
      aria-label="Go to Tweet"
      class="MuiButtonBase-root-79 MuiIconButton-root-70"
      role="button"
      tabindex="0"
      type="button"
    >
      <span
        class="MuiIconButton-label-76"
      >
        <a
          class="Tweet-link-7"
          href="/tweet/test"
        >
          <svg
            aria-hidden="true"
            class="MuiSvgIcon-root-81"
            focusable="false"
            viewBox="0 0 24 24"
          >
            <path
              d="M3.9 12c0-1.71 1.39-3.1 3.1-3.1h4V7H7c-2.76 0-5 2.24-5 5s2.24 5 5 5h4v-1.9H7c-1.71 0-3.1-1.39-3.1-3.1zM8 13h8v-2H8v2zm9-6h-4v1.9h4c1.71 0 3.1 1.39 3.1 3.1s-1.39 3.1-3.1 3.1h-4V17h4c2.76 0 5-2.24 5-5s-2.24-5-5-5z"
            >
              
            </path>
          </svg>
        </a>
      </span>
      <span
        class="MuiTouchRipple-root-82"
      >
        
      </span>
    </button>
  </div>
</div>
`;
